[    3864ms] [INFO] %cDownload the React DevTools for a better development experience: https://react.dev/link/react-devtools font-weight:bold @ http://localhost:5174/node_modules/.vite/deps/react-dom_client.js?v=f18d6e29:20102
[  421551ms] NotFoundError: Failed to execute 'setPointerCapture' on 'Element': No active pointer with the given id is found.
    at http://localhost:5174/src/components/notes/FloatingObject.tsx:29:21
    at executeDispatch (http://localhost:5174/node_modules/.vite/deps/react-dom_client.js?v=f18d6e29:13622:11)
    at runWithFiberInDEV (http://localhost:5174/node_modules/.vite/deps/react-dom_client.js?v=f18d6e29:997:72)
    at processDispatchQueue (http://localhost:5174/node_modules/.vite/deps/react-dom_client.js?v=f18d6e29:13658:37)
    at http://localhost:5174/node_modules/.vite/deps/react-dom_client.js?v=f18d6e29:14071:11
    at batchedUpdates$1 (http://localhost:5174/node_modules/.vite/deps/react-dom_client.js?v=f18d6e29:2626:42)
    at dispatchEventForPluginEventSystem (http://localhost:5174/node_modules/.vite/deps/react-dom_client.js?v=f18d6e29:13763:9)
    at dispatchEvent (http://localhost:5174/node_modules/.vite/deps/react-dom_client.js?v=f18d6e29:16784:13)
    at dispatchDiscreteEvent (http://localhost:5174/node_modules/.vite/deps/react-dom_client.js?v=f18d6e29:16765:62)
    at fire (eval at <anonymous> (eval at evaluate (:302:30)), <anonymous>:11:36)
[  421552ms] NotFoundError: Failed to execute 'releasePointerCapture' on 'Element': No active pointer with the given id is found.
    at http://localhost:5174/src/components/notes/FloatingObject.tsx:45:21
    at executeDispatch (http://localhost:5174/node_modules/.vite/deps/react-dom_client.js?v=f18d6e29:13622:11)
    at runWithFiberInDEV (http://localhost:5174/node_modules/.vite/deps/react-dom_client.js?v=f18d6e29:997:72)
    at processDispatchQueue (http://localhost:5174/node_modules/.vite/deps/react-dom_client.js?v=f18d6e29:13658:37)
    at http://localhost:5174/node_modules/.vite/deps/react-dom_client.js?v=f18d6e29:14071:11
    at batchedUpdates$1 (http://localhost:5174/node_modules/.vite/deps/react-dom_client.js?v=f18d6e29:2626:42)
    at dispatchEventForPluginEventSystem (http://localhost:5174/node_modules/.vite/deps/react-dom_client.js?v=f18d6e29:13763:9)
    at dispatchEvent (http://localhost:5174/node_modules/.vite/deps/react-dom_client.js?v=f18d6e29:16784:13)
    at dispatchDiscreteEvent (http://localhost:5174/node_modules/.vite/deps/react-dom_client.js?v=f18d6e29:16765:62)
    at fire (eval at <anonymous> (eval at evaluate (:302:30)), <anonymous>:11:36)
